 * Serving Flask app 'app'
 * Debug mode: on
WARNING: This is a development server. Do not use it in a production deployment. Use a production WSGI server instead.
 * Running on http://127.0.0.1:5001
Press CTRL+C to quit
 * Restarting with stat
 * Debugger is active!
 * Debugger PIN: 621-052-029
 * Detected change in 'C:\\Samar\\VS Code\\expense-tracker\\database\\db.py', reloading
 * Restarting with stat
 * Debugger is active!
 * Debugger PIN: 621-052-029
 * Detected change in 'C:\\Samar\\VS Code\\expense-tracker\\database\\queries.py', reloading
 * Restarting with stat
 * Debugger is active!
 * Debugger PIN: 621-052-029
 * Detected change in 'C:\\Samar\\VS Code\\expense-tracker\\database\\queries.py', reloading
 * Restarting with stat
 * Debugger is active!
 * Debugger PIN: 621-052-029
 * Detected change in 'C:\\Samar\\VS Code\\expense-tracker\\database\\queries.py', reloading
 * Restarting with stat
 * Debugger is active!
 * Debugger PIN: 621-052-029
 * Detected change in 'C:\\Samar\\VS Code\\expense-tracker\\database\\queries.py', reloading
 * Restarting with stat
 * Debugger is active!
 * Debugger PIN: 621-052-029
 * Detected change in 'C:\\Samar\\VS Code\\expense-tracker\\database\\queries.py', reloading
 * Restarting with stat
 * Debugger is active!
 * Debugger PIN: 621-052-029
 * Detected change in 'C:\\Samar\\VS Code\\expense-tracker\\database\\queries.py', reloading
 * Restarting with stat
 * Debugger is active!
 * Debugger PIN: 621-052-029
 * Detected change in 'C:\\Samar\\VS Code\\expense-tracker\\app.py', reloading
 * Restarting with stat
 * Debugger is active!
 * Debugger PIN: 621-052-029
 * Detected change in 'C:\\Samar\\VS Code\\expense-tracker\\app.py', reloading
 * Restarting with stat
 * Debugger is active!
 * Debugger PIN: 621-052-029
 * Detected change in 'C:\\Samar\\VS Code\\expense-tracker\\app.py', reloading
 * Restarting with stat
 * Debugger is active!
 * Debugger PIN: 621-052-029
 * Detected change in 'C:\\Samar\\VS Code\\expense-tracker\\app.py', reloading
 * Restarting with stat
 * Debugger is active!
 * Debugger PIN: 621-052-029
 * Detected change in 'C:\\Samar\\VS Code\\expense-tracker\\app.py', reloading
 * Restarting with stat
 * Debugger is active!
 * Debugger PIN: 621-052-029
 * Detected change in 'C:\\Samar\\VS Code\\expense-tracker\\app.py', reloading
 * Restarting with stat
 * Debugger is active!
 * Debugger PIN: 621-052-029
 * Detected change in 'C:\\Samar\\VS Code\\expense-tracker\\app.py', reloading
 * Restarting with stat
 * Debugger is active!
 * Debugger PIN: 621-052-029
 * Detected change in 'C:\\Samar\\VS Code\\expense-tracker\\app.py', reloading
 * Restarting with stat
 * Debugger is active!
 * Debugger PIN: 621-052-029
 * Detected change in 'C:\\Samar\\VS Code\\expense-tracker\\app.py', reloading
 * Restarting with stat
 * Debugger is active!
 * Debugger PIN: 621-052-029
 * Detected change in 'C:\\Samar\\VS Code\\expense-tracker\\app.py', reloading
 * Restarting with stat
 * Debugger is active!
 * Debugger PIN: 621-052-029
 * Detected change in 'C:\\Samar\\VS Code\\expense-tracker\\app.py', reloading
 * Restarting with stat
 * Debugger is active!
 * Debugger PIN: 621-052-029
 * Detected change in 'C:\\Samar\\VS Code\\expense-tracker\\tests\\test_export.py', reloading
 * Restarting with stat
 * Debugger is active!
 * Debugger PIN: 621-052-029
 * Detected change in 'C:\\Samar\\VS Code\\expense-tracker\\tests\\test_export.py', reloading
 * Restarting with stat
 * Debugger is active!
 * Debugger PIN: 621-052-029
